Downloading https://services.gradle.org/distributions/gradle-8.13-bin.zip
.............10%.............20%.............30%.............40%.............50%.............60%.............70%.............80%.............90%.............100%

Welcome to Gradle 8.13!

Here are the highlights of this release:
 - Daemon JVM auto-provisioning
 - Enhancements for Scala plugin and JUnit testing
 - Improvements for build authors and plugin developers

For more details see https://docs.gradle.org/8.13/release-notes.html

To honour the JVM settings for this build a single-use Daemon process will be forked. For more on this, please refer to https://docs.gradle.org/8.13/userguide/gradle_daemon.html#sec:disabling_the_daemon in the Gradle documentation.
Daemon will be stopped at the end of the build 
> Task :app:preBuild UP-TO-DATE
> Task :app:preDebugBuild UP-TO-DATE
> Task :app:mergeDebugNativeDebugMetadata NO-SOURCE
> Task :app:generateDebugBuildConfig
> Task :app:javaPreCompileDebug
> Task :app:checkDebugAarMetadata
> Task :app:processDebugNavigationResources
> Task :app:generateDebugResValues
> Task :app:compileDebugNavigationResources
> Task :app:mapDebugSourceSetPaths
> Task :app:generateDebugResources
> Task :app:createDebugCompatibleScreenManifests
> Task :app:extractDeepLinksDebug
> Task :app:mergeDebugResources
> Task :app:processDebugMainManifest
> Task :app:packageDebugResources
> Task :app:parseDebugLocalResources
> Task :app:processDebugManifest
> Task :app:mergeDebugShaders
> Task :app:processDebugManifestForPackage
> Task :app:compileDebugShaders NO-SOURCE
> Task :app:generateDebugAssets UP-TO-DATE
> Task :app:mergeDebugAssets
> Task :app:compressDebugAssets
> Task :app:desugarDebugFileDependencies
> Task :app:processDebugJavaRes NO-SOURCE
> Task :app:processDebugResources
> Task :app:mergeDebugJavaResource

> Task :app:compileDebugJavaWithJavac
/home/runner/work/Animmmemmemwm/Animmmemmemwm/yoru-android/app/src/main/java/app/yoru/mobile/PlayerActivity.java:69: error: cannot find symbol
    private void toggleResize(){fillVideo=!fillVideo;if(video!=null)video.setResizeMode(fillVideo?androidx.media3.ui.AspectRatioFrameLayout.RESIZE_MODE_ZOOM:androidx.media3.ui.AspectRatioFrameLayout.RESIZE_MODE_FIT);Ui.toast(this,fillVideo?"Видео заполняет экран":"Видео показывает полный кадр");}
                                ^
  symbol:   variable fillVideo
  location: class PlayerActivity
/home/runner/work/Animmmemmemwm/Animmmemmemwm/yoru-android/app/src/main/java/app/yoru/mobile/PlayerActivity.java:69: error: cannot find symbol
    private void toggleResize(){fillVideo=!fillVideo;if(video!=null)video.setResizeMode(fillVideo?androidx.media3.ui.AspectRatioFrameLayout.RESIZE_MODE_ZOOM:androidx.media3.ui.AspectRatioFrameLayout.RESIZE_MODE_FIT);Ui.toast(this,fillVideo?"Видео заполняет экран":"Видео показывает полный кадр");}
                                           ^
  symbol:   variable fillVideo
  location: class PlayerActivity
/home/runner/work/Animmmemmemwm/Animmmemmemwm/yoru-android/app/src/main/java/app/yoru/mobile/PlayerActivity.java:69: error: cannot find symbol
    private void toggleResize(){fillVideo=!fillVideo;if(video!=null)video.setResizeMode(fillVideo?androidx.media3.ui.AspectRatioFrameLayout.RESIZE_MODE_ZOOM:androidx.media3.ui.AspectRatioFrameLayout.RESIZE_MODE_FIT);Ui.toast(this,fillVideo?"Видео заполняет экран":"Видео показывает полный кадр");}
                                                                                        ^
  symbol:   variable fillVideo
  location: class PlayerActivity
/home/runner/work/Animmmemmemwm/Animmmemmemwm/yoru-android/app/src/main/java/app/yoru/mobile/PlayerActivity.java:69: error: cannot find symbol
    private void toggleResize(){fillVideo=!fillVideo;if(video!=null)video.setResizeMode(fillVideo?androidx.media3.ui.AspectRatioFrameLayout.RESIZE_MODE_ZOOM:androidx.media3.ui.AspectRatioFrameLayout.RESIZE_MODE_FIT);Ui.toast(this,fillVideo?"Видео заполняет экран":"Видео показывает полный кадр");}
                                                                                                                                                                                                                                      ^
  symbol:   variable fillVideo
  location: class PlayerActivity
/home/runner/work/Animmmemmemwm/Animmmemmemwm/yoru-android/app/src/main/java/app/yoru/mobile/PlayerActivity.java:70: error: cannot find symbol
    private LinearLayout fullControls(boolean top){LinearLayout row=Ui.row(this);row.setPadding(Ui.dp(this,13),Ui.dp(this,9),Ui.dp(this,13),Ui.dp(this,9));row.setGravity(Gravity.CENTER_VERTICAL);row.setBackgroundColor(0xaa000000);if(top){row.addView(Ui.iconButton(this,"back","Закрыть полный экран",this::hideFullPlayer),Ui.lp(this,42,42));TextView t=Ui.text(this,"YORU PLAYER · "+anime.title,13,Ui.TEXT,true);t.setMaxLines(1);LinearLayout.LayoutParams lp=new LinearLayout.LayoutParams(0,-2,1);lp.leftMargin=Ui.dp(this,10);row.addView(t,lp);}else{row.addView(Ui.button(this,"−10",false,()->seekBy(-10)),new LinearLayout.LayoutParams(0,-2,1));LinearLayout.LayoutParams a=new LinearLayout.LayoutParams(0,-2,1);a.leftMargin=Ui.dp(this,9);row.addView(Ui.button(this,fillVideo?"Полный кадр":"Заполнить",false,this::toggleResize),a);LinearLayout.LayoutParams b=new LinearLayout.LayoutParams(0,-2,1);b.leftMargin=Ui.dp(this,9);row.addView(Ui.button(this,"+10",false,()->seekBy(10)),b);}return row;}
                                                                                                                                                                                                                                                                                                                                                                                                                                                                                                                                                                                                                                                                                                                                                                                          ^
  symbol:   variable fillVideo
  location: class PlayerActivity
Note: Some input files use or override a deprecated API.
Note: Recompile with -Xlint:deprecation for details.
5 errors

> Task :app:compileDebugJavaWithJavac FAILED

[Incubating] Problems report is available at: file:///home/runner/work/Animmmemmemwm/Animmmemmemwm/yoru-android/build/reports/problems/problems-report.html

FAILURE: Build failed with an exception.

* What went wrong:
Execution failed for task ':app:compileDebugJavaWithJavac'.
> Compilation failed; see the compiler output below.
  /home/runner/work/Animmmemmemwm/Animmmemmemwm/yoru-android/app/src/main/java/app/yoru/mobile/PlayerActivity.java:69: error: cannot find symbol
      private void toggleResize(){fillVideo=!fillVideo;if(video!=null)video.setResizeMode(fillVideo?androidx.media3.ui.AspectRatioFrameLayout.RESIZE_MODE_ZOOM:androidx.media3.ui.AspectRatioFrameLayout.RESIZE_MODE_FIT);Ui.toast(this,fillVideo?"Видео заполняет экран":"Видео показывает полный кадр");}
                                  ^
    symbol:   variable fillVideo
    location: class PlayerActivity
  /home/runner/work/Animmmemmemwm/Animmmemmemwm/yoru-android/app/src/main/java/app/yoru/mobile/PlayerActivity.java:69: error: cannot find symbol
      private void toggleResize(){fillVideo=!fillVideo;if(video!=null)video.setResizeMode(fillVideo?androidx.media3.ui.AspectRatioFrameLayout.RESIZE_MODE_ZOOM:androidx.media3.ui.AspectRatioFrameLayout.RESIZE_MODE_FIT);Ui.toast(this,fillVideo?"Видео заполняет экран":"Видео показывает полный кадр");}
                                             ^
    symbol:   variable fillVideo
    location: class PlayerActivity
  /home/runner/work/Animmmemmemwm/Animmmemmemwm/yoru-android/app/src/main/java/app/yoru/mobile/PlayerActivity.java:69: error: cannot find symbol
      private void toggleResize(){fillVideo=!fillVideo;if(video!=null)video.setResizeMode(fillVideo?androidx.media3.ui.AspectRatioFrameLayout.RESIZE_MODE_ZOOM:androidx.media3.ui.AspectRatioFrameLayout.RESIZE_MODE_FIT);Ui.toast(this,fillVideo?"Видео заполняет экран":"Видео показывает полный кадр");}
                                                                                          ^
    symbol:   variable fillVideo
    location: class PlayerActivity
  /home/runner/work/Animmmemmemwm/Animmmemmemwm/yoru-android/app/src/main/java/app/yoru/mobile/PlayerActivity.java:69: error: cannot find symbol
      private void toggleResize(){fillVideo=!fillVideo;if(video!=null)video.setResizeMode(fillVideo?androidx.media3.ui.AspectRatioFrameLayout.RESIZE_MODE_ZOOM:androidx.media3.ui.AspectRatioFrameLayout.RESIZE_MODE_FIT);Ui.toast(this,fillVideo?"Видео заполняет экран":"Видео показывает полный кадр");}
                                                                                                                                                                                                                                        ^
    symbol:   variable fillVideo
    location: class PlayerActivity
  /home/runner/work/Animmmemmemwm/Animmmemmemwm/yoru-android/app/src/main/java/app/yoru/mobile/PlayerActivity.java:70: error: cannot find symbol
      private LinearLayout fullControls(boolean top){LinearLayout row=Ui.row(this);row.setPadding(Ui.dp(this,13),Ui.dp(this,9),Ui.dp(this,13),Ui.dp(this,9));row.setGravity(Gravity.CENTER_VERTICAL);row.setBackgroundColor(0xaa000000);if(top){row.addView(Ui.iconButton(this,"back","Закрыть полный экран",this::hideFullPlayer),Ui.lp(this,42,42));TextView t=Ui.text(this,"YORU PLAYER · "+anime.title,13,Ui.TEXT,true);t.setMaxLines(1);LinearLayout.LayoutParams lp=new LinearLayout.LayoutParams(0,-2,1);lp.leftMargin=Ui.dp(this,10);row.addView(t,lp);}else{row.addView(Ui.button(this,"−10",false,()->seekBy(-10)),new LinearLayout.LayoutParams(0,-2,1));LinearLayout.LayoutParams a=new LinearLayout.LayoutParams(0,-2,1);a.leftMargin=Ui.dp(this,9);row.addView(Ui.button(this,fillVideo?"Полный кадр":"Заполнить",false,this::toggleResize),a);LinearLayout.LayoutParams b=new LinearLayout.LayoutParams(0,-2,1);b.leftMargin=Ui.dp(this,9);row.addView(Ui.button(this,"+10",false,()->seekBy(10)),b);}return row;}
                                                                                                                                                                                                                                                                                                                                                                                                                                                                                                                                                                                                                                                                                                                                                                                            ^
    symbol:   variable fillVideo
    location: class PlayerActivity
  Note: Some input files use or override a deprecated API.
  Note: Recompile with -Xlint:deprecation for details.
  5 errors

* Try:
> Check your code and dependencies to fix the compilation error(s)
> Run with --scan to get full insights.

Deprecated Gradle features were used in this build, making it incompatible with Gradle 9.0.

You can use '--warning-mode all' to show the individual deprecation warnings and determine if they come from your own scripts or plugins.

For more on this, please refer to https://docs.gradle.org/8.13/userguide/command_line_interface.html#sec:command_line_warnings in the Gradle documentation.

BUILD FAILED in 1m 18s
23 actionable tasks: 23 executed
